Feature count:  46 (expected 46)
NAICS sectors:  24 (expected 24)
Display entries: 46 (expected 46)
Encode '325199': naics_32=1 at idx 5  OK
Encode None:     naics_unknown=1      OK
Log transform: log1p(500)=6.22, log1p(1000)=6.91, log1p(5M)=15.42  OK
Volume compression: raw_ratio=100x, log_ratio=6.0x  OK
Pseudo-label (dangerous, raw features): 77.4
Pseudo-label (500 inspections, low violation rate): 0.0
Feature name alignment: OK
LOG_FEATURE_INDICES alignment: OK
python : Traceback (most recent call last):
At line:1 char:1
+ python _test_naics_refactor.py > test_output.txt 2>&1; type test_outp ...
+ ~~~~~~~~~~~~~~~~~~~~~~~~~~~~~~~~~~~~~~~~~~~~~~~~~~~~~
    + CategoryInfo          : NotSpecified: (Traceback (most recent call last) 
   ::String) [], RemoteException
    + FullyQualifiedErrorId : NativeCommandError
 
  File "C:\Users\Stewart\vetManufactures\_test_naics_refactor.py", line 98, in 
<module>
    print("\n\u2713 All checks passed!")
    ~~~~~^^^^^^^^^^^^^^^^^^^^^^^^^^
  File "C:\Program Files\WindowsApps\PythonSoftwareFoundation.Python.3.13_3.13.
3312.0_x64__qbz5n2kfra8p0\Lib\encodings\cp1252.py", line 19, in encode
    return codecs.charmap_encode(input,self.errors,encoding_table)[0]
           ~~~~~~~~~~~~~~~~~~~~~^^^^^^^^^^^^^^^^^^^^^^^^^^^^^^^^^^
UnicodeEncodeError: 'charmap' codec can't encode character '\u2713' in 
position 2: character maps to <undefined>
